../Drivers/CMSIS/Include/core_cm4.h:2064:26:ITM_SendChar	16	static,ignoring_inline_asm
../Core/Src/main.c:80:5:_write	32	static
../Core/Src/main.c:95:5:main	104	static
../Core/Src/main.c:179:6:SystemClock_Config	160	static
../Core/Src/main.c:230:13:MX_ADC2_Init	32	static
../Core/Src/main.c:287:13:MX_I2C1_Init	8	static
../Core/Src/main.c:335:13:MX_TIM3_Init	40	static
../Core/Src/main.c:380:13:MX_USART2_UART_Init	8	static
../Core/Src/main.c:415:13:MX_GPIO_Init	48	static
../Core/Src/main.c:458:6:Task1_init	56	static
../Core/Src/main.c:498:6:Task2_init	16	static
../Core/Src/main.c:516:6:Task3_init	16	static
../Core/Src/main.c:535:6:HAL_TIM_PeriodElapsedCallback	16	static
../Core/Src/main.c:552:6:Error_Handler	4	static,ignoring_inline_asm
