../Drivers/CMSIS/Include/core_cm4.h:2064:26:ITM_SendChar	16	static,ignoring_inline_asm
../Core/Src/main.c:84:5:_write	32	static
../Core/Src/main.c:99:5:main	152	static
../Core/Src/main.c:198:6:SystemClock_Config	160	static
../Core/Src/main.c:249:13:MX_ADC2_Init	32	static
../Core/Src/main.c:306:13:MX_I2C1_Init	8	static
../Core/Src/main.c:354:13:MX_TIM3_Init	40	static
../Core/Src/main.c:399:13:MX_USART2_UART_Init	8	static
../Core/Src/main.c:434:13:MX_GPIO_Init	48	static
../Core/Src/main.c:477:6:Task1_init	56	static
../Core/Src/main.c:518:6:StartLCD	32	static
../Core/Src/main.c:553:6:StartWaterSensor	24	static
../Core/Src/main.c:581:6:StartAlarmLED	24	static
../Core/Src/main.c:613:6:HAL_TIM_PeriodElapsedCallback	16	static
../Core/Src/main.c:630:6:Error_Handler	4	static,ignoring_inline_asm
