16:35:26 **** Incremental Build of configuration Debug for project RTOS_STM32_F303RE ****
make -j8 all 
arm-none-eabi-gcc "../Core/Src/main.c" -mcpu=cortex-m4 -std=gnu11 -g3 -DDEBUG -DUSE_HAL_DRIVER -DSTM32F303xE -c -I../Core/Inc -I../Drivers/STM32F3xx_HAL_Driver/Inc -I../Drivers/STM32F3xx_HAL_Driver/Inc/Legacy -I../Drivers/CMSIS/Device/ST/STM32F3xx/Include -I../Drivers/CMSIS/Include -I../Middlewares/Third_Party/FreeRTOS/Source/include -I../Middlewares/Third_Party/FreeRTOS/Source/CMSIS_RTOS -I../Middlewares/Third_Party/FreeRTOS/Source/portable/GCC/ARM_CM4F -O0 -ffunction-sections -fdata-sections -Wall -fstack-usage -fcyclomatic-complexity -MMD -MP -MF"Core/Src/main.d" -MT"Core/Src/main.o" --specs=nano.specs -mfpu=fpv4-sp-d16 -mfloat-abi=hard -mthumb -o "Core/Src/main.o"
arm-none-eabi-gcc -o "RTOS_STM32_F303RE.elf" @"objects.list"   -mcpu=cortex-m4 -T"C:\Users\Dawid\Desktop\SysWbSem2\7_Systemy_czasu_rzeczywistego\git_RTOS\RTOS_STM32_F303RE\STM32F303RETX_FLASH.ld" --specs=nosys.specs -Wl,-Map="RTOS_STM32_F303RE.map" -Wl,--gc-sections -static --specs=nano.specs -mfpu=fpv4-sp-d16 -mfloat-abi=hard -mthumb -Wl,--start-group -lc -lm -Wl,--end-group
Finished building target: RTOS_STM32_F303RE.elf
 
arm-none-eabi-size  RTOS_STM32_F303RE.elf 
arm-none-eabi-objdump -h -S RTOS_STM32_F303RE.elf  > "RTOS_STM32_F303RE.list"
   text	   data	    bss	    dec	    hex	filename
  20300	    104	   6192	  26596	   67e4	RTOS_STM32_F303RE.elf
Finished building: default.size.stdout
 
Finished building: RTOS_STM32_F303RE.list
 
16:35:28 **** Incremental Build of configuration Debug for project RTOS_STM32_F303RE ****
make -j8 all 
arm-none-eabi-size  RTOS_STM32_F303RE.elf 
   text	   data	    bss	    dec	    hex	filename
  20300	    104	   6192	  26596	   67e4	RTOS_STM32_F303RE.elf
Finished building: default.size.stdout
 
16:36:25 **** Incremental Build of configuration Debug for project RTOS_STM32_F303RE ****
make -j8 all 
arm-none-eabi-gcc "../Core/Src/main.c" -mcpu=cortex-m4 -std=gnu11 -g3 -DDEBUG -DUSE_HAL_DRIVER -DSTM32F303xE -c -I../Core/Inc -I../Drivers/STM32F3xx_HAL_Driver/Inc -I../Drivers/STM32F3xx_HAL_Driver/Inc/Legacy -I../Drivers/CMSIS/Device/ST/STM32F3xx/Include -I../Drivers/CMSIS/Include -I../Middlewares/Third_Party/FreeRTOS/Source/include -I../Middlewares/Third_Party/FreeRTOS/Source/CMSIS_RTOS -I../Middlewares/Third_Party/FreeRTOS/Source/portable/GCC/ARM_CM4F -O0 -ffunction-sections -fdata-sections -Wall -fstack-usage -fcyclomatic-complexity -MMD -MP -MF"Core/Src/main.d" -MT"Core/Src/main.o" --specs=nano.specs -mfpu=fpv4-sp-d16 -mfloat-abi=hard -mthumb -o "Core/Src/main.o"
arm-none-eabi-gcc -o "RTOS_STM32_F303RE.elf" @"objects.list"   -mcpu=cortex-m4 -T"C:\Users\Dawid\Desktop\SysWbSem2\7_Systemy_czasu_rzeczywistego\git_RTOS\RTOS_STM32_F303RE\STM32F303RETX_FLASH.ld" --specs=nosys.specs -Wl,-Map="RTOS_STM32_F303RE.map" -Wl,--gc-sections -static --specs=nano.specs -mfpu=fpv4-sp-d16 -mfloat-abi=hard -mthumb -Wl,--start-group -lc -lm -Wl,--end-group
Finished building target: RTOS_STM32_F303RE.elf
 
arm-none-eabi-size  RTOS_STM32_F303RE.elf 
arm-none-eabi-objdump -h -S RTOS_STM32_F303RE.elf  > "RTOS_STM32_F303RE.list"
   text	   data	    bss	    dec	    hex	filename
  20300	    104	   6192	  26596	   67e4	RTOS_STM32_F303RE.elf
Finished building: default.size.stdout
 
Finished building: RTOS_STM32_F303RE.list
 
